2026-01-26 13:08:45.680 [] [] INFO  [main] c.o.g.GestionStockApplication - Starting GestionStockApplication v0.0.1-SNAPSHOT using Java 17.0.17 with PID 1 (/app/app.jar started by root in /app)
2026-01-26 13:08:45.705 [] [] INFO  [main] c.o.g.GestionStockApplication - The following 1 profile is active: "dev"
2026-01-26 13:08:49.022 [] [] INFO  [main] o.s.d.r.c.RepositoryConfigurationDelegate - Bootstrapping Spring Data JPA repositories in DEFAULT mode.
2026-01-26 13:08:49.305 [] [] INFO  [main] o.s.d.r.c.RepositoryConfigurationDelegate - Finished Spring Data repository scanning in 259 ms. Found 19 JPA repository interfaces.
2026-01-26 13:08:50.989 [] [] INFO  [main] o.s.b.w.e.tomcat.TomcatWebServer - Tomcat initialized with port(s): 8084 (http)
2026-01-26 13:08:51.026 [] [] INFO  [main] o.a.catalina.core.StandardService - Starting service [Tomcat]
2026-01-26 13:08:51.028 [] [] INFO  [main] o.a.catalina.core.StandardEngine - Starting Servlet engine: [Apache Tomcat/10.1.8]
2026-01-26 13:08:51.231 [] [] INFO  [main] o.a.c.c.C.[Tomcat].[localhost].[/] - Initializing Spring embedded WebApplicationContext
2026-01-26 13:08:51.233 [] [] INFO  [main] o.s.b.w.s.c.ServletWebServerApplicationContext - Root WebApplicationContext: initialization completed in 5362 ms
2026-01-26 13:08:51.780 [] [] INFO  [main] c.o.g.config.SimpleCORSFilter - SimpleCORSFilter init
2026-01-26 13:08:51.957 [] [] INFO  [main] com.zaxxer.hikari.HikariDataSource - HikariPool-1 - Starting...
2026-01-26 13:08:52.518 [] [] INFO  [main] com.zaxxer.hikari.pool.HikariPool - HikariPool-1 - Added connection org.postgresql.jdbc.PgConnection@26a262d6
2026-01-26 13:08:52.523 [] [] INFO  [main] com.zaxxer.hikari.HikariDataSource - HikariPool-1 - Start completed.
2026-01-26 13:08:52.858 [] [] INFO  [main] liquibase.database - Set default schema name to public
2026-01-26 13:08:53.049 [] [] INFO  [main] liquibase.lockservice - Successfully acquired change log lock
2026-01-26 13:08:53.573 [] [] INFO  [main] liquibase.changelog - Reading from public.databasechangelog
2026-01-26 13:08:53.642 [] [] INFO  [main] liquibase.lockservice - Successfully released change log lock
2026-01-26 13:08:53.816 [] [] INFO  [main] o.h.jpa.internal.util.LogHelper - HHH000204: Processing PersistenceUnitInfo [name: default]
2026-01-26 13:08:53.916 [] [] INFO  [main] org.hibernate.Version - HHH000412: Hibernate ORM core version 6.1.7.Final
2026-01-26 13:08:54.454 [] [] INFO  [main] SQL dialect - HHH000400: Using dialect: org.hibernate.dialect.PostgreSQLDialect
2026-01-26 13:08:54.947 [] [] WARN  [main] o.h.b.i.InFlightMetadataCollectorImpl - HHH000069: Duplicate generator name code_seq
2026-01-26 13:08:55.002 [] [] WARN  [main] o.h.b.i.InFlightMetadataCollectorImpl - HHH000069: Duplicate generator name code_seq
2026-01-26 13:08:56.188 [] [] WARN  [main] org.hibernate.orm.cache - HHH90001006: Missing cache[com.ovd.gestionstock.models.CommandeClient] was created on-the-fly. The created cache will use a provider-specific default configuration: make sure you defined one. You can disable this warning by setting 'hibernate.javax.cache.missing_cache_strategy' to 'create'.
2026-01-26 13:08:56.790 [] [] INFO  [main] org.ehcache.core.EhcacheManager - Cache 'com.ovd.gestionstock.models.CommandeClient' created in EhcacheManager.
2026-01-26 13:08:56.823 [] [] WARN  [main] org.hibernate.orm.cache - HHH90001006: Missing cache[com.ovd.gestionstock.models.Client] was created on-the-fly. The created cache will use a provider-specific default configuration: make sure you defined one. You can disable this warning by setting 'hibernate.javax.cache.missing_cache_strategy' to 'create'.
2026-01-26 13:08:56.829 [] [] INFO  [main] org.ehcache.core.EhcacheManager - Cache 'com.ovd.gestionstock.models.Client' created in EhcacheManager.
2026-01-26 13:08:58.519 [] [] INFO  [main] o.h.e.t.j.p.i.JtaPlatformInitiator - HHH000490: Using JtaPlatform implementation: [org.hibernate.engine.transaction.jta.platform.internal.NoJtaPlatform]
2026-01-26 13:08:58.531 [] [] INFO  [main] o.s.o.j.LocalContainerEntityManagerFactoryBean - Initialized JPA EntityManagerFactory for persistence unit 'default'
2026-01-26 13:09:02.437 [] [] WARN  [main] o.s.b.a.o.j.JpaBaseConfiguration$JpaWebConfiguration - spring.jpa.open-in-view is enabled by default. Therefore, database queries may be performed during view rendering. Explicitly configure spring.jpa.open-in-view to disable this warning
2026-01-26 13:09:03.454 [] [] INFO  [main] o.s.b.a.e.web.EndpointLinksResolver - Exposing 15 endpoint(s) beneath base path '/actuator'
2026-01-26 13:09:03.587 [] [] INFO  [main] o.s.s.web.DefaultSecurityFilterChain - Will secure any request with [org.springframework.security.web.session.DisableEncodeUrlFilter@6965c32, org.springframework.security.web.context.request.async.WebAsyncManagerIntegrationFilter@4b38d912, org.springframework.security.web.context.SecurityContextHolderFilter@3d3e9163, org.springframework.security.web.header.HeaderWriterFilter@4867f5cf, org.springframework.web.filter.CorsFilter@626e5554, org.springframework.security.web.authentication.logout.LogoutFilter@69a14512, com.ovd.gestionstock.config.JwtAuthenticationFilter@6a562255, com.ovd.gestionstock.config.TenantFilter@581d5b33, org.springframework.security.web.savedrequest.RequestCacheAwareFilter@75392381, org.springframework.security.web.servletapi.SecurityContextHolderAwareRequestFilter@13198b8e, org.springframework.security.web.authentication.AnonymousAuthenticationFilter@6ee34fe4, org.springframework.security.web.session.SessionManagementFilter@62b72289, org.springframework.security.web.access.ExceptionTranslationFilter@21312b5, org.springframework.security.web.access.intercept.AuthorizationFilter@53d3d604]
2026-01-26 13:09:04.349 [] [] INFO  [main] o.s.b.w.e.tomcat.TomcatWebServer - Tomcat started on port(s): 8084 (http) with context path ''
2026-01-26 13:09:04.389 [] [] INFO  [main] c.o.g.GestionStockApplication - Started GestionStockApplication in 19.941 seconds (process running for 21.464)
